------------------------------------------------------------
Timing Analyzer Summary
------------------------------------------------------------

Type  : Slow 1200mV 85C Model Setup 'clk_i'
Slack : 10.911
TNS   : 0.000

Type  : Slow 1200mV 85C Model Hold 'clk_i'
Slack : 0.340
TNS   : 0.000

Type  : Slow 1200mV 85C Model Minimum Pulse Width 'clk_i'
Slack : 9.686
TNS   : 0.000

Type  : Slow 1200mV 85C Model Minimum Pulse Width 'measure_signal_i'
Slack : 16.000
TNS   : 0.000

Type  : Slow 1200mV 0C Model Setup 'clk_i'
Slack : 11.458
TNS   : 0.000

Type  : Slow 1200mV 0C Model Hold 'clk_i'
Slack : 0.306
TNS   : 0.000

Type  : Slow 1200mV 0C Model Minimum Pulse Width 'clk_i'
Slack : 9.626
TNS   : 0.000

Type  : Slow 1200mV 0C Model Minimum Pulse Width 'measure_signal_i'
Slack : 16.000
TNS   : 0.000

Type  : Fast 1200mV 0C Model Setup 'clk_i'
Slack : 15.692
TNS   : 0.000

Type  : Fast 1200mV 0C Model Hold 'clk_i'
Slack : 0.148
TNS   : 0.000

Type  : Fast 1200mV 0C Model Minimum Pulse Width 'clk_i'
Slack : 9.463
TNS   : 0.000

Type  : Fast 1200mV 0C Model Minimum Pulse Width 'measure_signal_i'
Slack : 16.000
TNS   : 0.000

------------------------------------------------------------
